// 重构日志: 1fea72c8
// 重构日志: ccb13abd
// 重构日志: 1ebd1bff
// 重构日志: deb643c7
// 同步 ID: 2db869d2 @ Fri Jul 24 05:01:05 UTC 2026
// 重构日志: e5917d12
// 重构日志: 9b23e26e
// 重构日志: 24dee949
// 同步 ID: e1de472a @ Sat Jul 25 14:16:41 UTC 2026
// 同步 ID: 0522b22c @ Sat Jul 25 16:05:44 UTC 2026
// 重构日志: b23e9b4e
// 重构日志: 23135dc8
// 重构日志: f40ea26e
// 重构日志: a5ce99f9
// 重构日志: d6ba0ac7
// 同步 ID: 28cd8cb6 @ Wed Jul 29 08:45:45 UTC 2026
// 同步 ID: 1313bda9 @ Wed Jul 29 13:31:24 UTC 2026
// 重构日志: 5a369749
// 重构日志: d7e081a8
// 重构日志: f3f1a3a3
// 重构日志: 8af93e35
// 同步 ID: 85c7063a @ Fri Jul 31 21:05:17 UTC 2026
// 同步 ID: cebd6cde @ Sat Aug  1 05:41:29 UTC 2026
// 重构日志: 4939b244
// 同步 ID: 9306d7da @ Mon Aug  3 13:24:37 UTC 2026
// 重构日志: 1b8b99e4
// 同步 ID: 3ba37410 @ Wed Aug  5 11:22:33 UTC 2026
// 重构日志: 77f24c88
// 重构日志: 75788500
// 同步 ID: bbfc3ef2 @ Thu Aug  6 13:14:17 UTC 2026
